I'm sorry, but errors were detected in your script. Please correct the
errors listed below, and try again.


File "game/events/theleviathan.rpy", line 30: end of line expected.
(Perhaps you left out a " at the end of the first line.)
    """
    
    You will never know how it got there.  It cannot have come from upstream, but why would it have come up from the ocean?
    
    Well, regardless of its provenance, it is here now, a shape so large that it is simultaneously unmissable, as a huge black shadow in the water, and indescribable as, from any angle from which you can view it, you do not get a wide enough view to see all of its mass at once.
    
    This moment it simply looks like a giant fish, oblong with blank dumb eyes, but now that little shiver of scales, caught by the light of the stars, looks like a neck, long and thin.  There, a talon, or is it the edge of a gill?  And how can it look like both of those things at once?
    
    And why is it moving that way?  Quick movements back and forth, slowly turning in an eddy before shooting forward, twisting wildly. [textIn("From your experience with terrestrial animals, you would say that it is hunting.  Maybe that is why it has made its way up from the ocean?", "woodsman")] 
                                                                                                                                                         ^
    
    Still, the question remains: what are you going to do about it?
    """

Ren'Py Version: Ren'Py 7.4.1.1270
Wed Sep 22 22:17:18 2021
